// Jest Snapshot v1, https://goo.gl/fbAQLP

exports[`signin renders correctly 1`] = `ShallowWrapper {}`;
